# D1 PeriodCycleBasis refactor — progress log
# Branch feat/period-cycle-basis, base 373f896 (origin/main 2026-06-10)

[T0] Setup done: worktree reset to origin/main, caches copied, spec read
     (docs/planning/CYCLEBASIS_ALTERNATIVES.md from main checkout — file is
     not in origin/main tree). Audited all consumers:
     - Axioms/AnalyticCycleBasis.lean (structure + axiom, to be replaced)
     - Layer3/Periods.lean (AX_RBR1/AX_RBR2 + engine + lattice discharge)
     - RiemannSurface/LoopIntegral.lean, LoopIntegralHom.lean
     - Axioms/{H1FreeRank2g,RiemannBilinear,PeriodLattice(Base)}.lean
     - ProjectiveCurve/{Line,Elliptic}/Witnesses.lean, Elliptic/OfCurveInj.lean
     - Extensions/AbelJacobi.lean (2 theorem statements quantify over the type)
     Count baseline: ledger says 36 active (NOT 33 as task brief assumed —
     brief predates Phase-D H1coh/cohomologyLES discharges already on main).
     Expected after D1: 36 - 3 + 1 = 34 (or 33 if elliptic axiom falls).
Plan: c1 new axiom file; c2 consumer refactor + delete old axioms;
      c3 elliptic witness attempt; c4 ledger reconcile + report regen.

[T1] Commit a88da93: Jacobians/Axioms/PeriodCycleBasis.lean (structure,
     arcPeriodVec + @[simp] layout pins via αEmbed/βEmbed, conjArcPeriodVec,
     AX_PeriodCycleBasis). Compiles clean.
[T2] Commit ba013cd: consumer refactor complete, FULL lake build green.
     - Periods.lean: R1Holds/R2Holds threading; choicePeriodCycleBasis_r1/_r2
       transfer the bundle fields to periodMap level on the chosen witness
       (key lemma periodVec_choice_eq_arcPeriodVec, loopIntegralToH1_loop
       pattern). riemannBilinear_exists / periodLatticeInBasis_discrete /
       _isZLattice statements unchanged.
     - AX_AnalyticCycleBasis + AX_RBR1 + AX_RBR2 deleted; only axiom decl in
       the touched files is AX_PeriodCycleBasis.
     - Line witness: R1 empty-sum, R2 vacuous via
       HolomorphicOneForm_projectiveLine_eq_zero — compiles, no new axiom.
     - Elliptic AX_Elliptic_H1_symplectic re-typed to PeriodCycleBasis with
       satisfiability note (orientation choice for R2 sign).
Next: elliptic discharge attempt (c3), then #print axioms gates + ledger (c4).

[T3] Elliptic attempt recorded (commit 3): NOT closable — isBasis/loops_to_basis
     need pi1(C/Lambda)=Lambda; axiom retained, re-typed, content shrank
     (R1/R2 now provable for concrete loops; helper AX_Elliptic_intersection_A_B
     plan obsolete). docs/planning/AX_Elliptic_H1_symplectic.md D1 note.
[T4] Gates all green:
     - docs/axiom-report.txt regenerated: AX_PeriodCycleBasis replaces
       AX_AnalyticCycleBasis; intersectionForm + AX_RBR1 + AX_RBR2 GONE from
       every closure; 0 sorryAx. Distinct challenge-critical = 10 (was 13).
     - #print axioms: ofCurve_inj = std3 + AX_AbelTheorem + AX_PeriodCycleBasis;
       riemannBilinear_exists / AX_RiemannBilinear / AX_PeriodLattice /
       instPeriodLatticeDiscrete / loopIntegralToH1 / elliptic_ofCurve_injective
       = std3 + AX_PeriodCycleBasis only; projectiveLineCycleBasis = std3 +
       AX_PeriodCycleBasis (via AX_H1_ProjectiveLine_trivial, as before);
       ellipticCycleBasis = std3 + AX_Elliptic_H1_symplectic.
     - Kernel count 34 (= 36 - 3 + 1; task brief's "33 -> 31" was vs a stale
       pre-Phase-D baseline).
     - bash scripts/check_axiom_consistency.sh: PASS (34 everywhere).
     - check_sorry_consistency.sh: pre-existing README-format parse failure,
       identical on clean origin/main (non-blocking informational step in CI);
       not touched.
     Ledger updated: AXIOM_AUDIT.md (header 34 + D1 history clause, class-1 row
     swap with DT 2026-06-10 verdict + index-alignment guard note, period-
     primitives breakdown row -> 0, intersectionForm D2 note, elliptic 2c row,
     Recently-discharged D1 row, verification block), README.md (34 active /
     10 challenge-critical, topic table 4+2 rows, Phase-C paragraph),
     docs/CHALLENGE_AXIOM_CLOSURE.md (status note, 13->10, Cluster A rewrite,
     24 non-critical incl. intersectionForm trio).
