# R7 progress log — FineResidue/Descent.lean (liftQ descent engine)
# branch feat/keystone-r7-engine, conditional on R6 (MLTie taken as hypothesis shapes, NOT imported)

[T0] Read complete: R6_HANDOFF, GlobalResidueConstruct.CousinResidueData (:141-182),
     CoboundaryVanish (resFunctional_eq_zero_of_coboundary), Glue/OmegaWitness/Integral/OneOneCoeff,
     CechComplex (cechH1 = Z1/B1 submoduleOf quotient), CechSection (MGerm = codiscrete germ,
     OmegaDGerm), HoloRep (holoFn analytic-representative toolkit = the germ->function engine),
     CechModelManifold (analyticAt_chart_change_to = own-chart -> cover-chart converter),
     MLTie.lean read AS TEXT from feat/keystone-r6-mltie (shapes: resFunctional_mlGlue,
     resFunctional_mlCocycle_residue_one; orientation w i j = p_i - p_j).
     KEY math findings:
     - extraction must go through holoFn (codiscrete germs: raw reps carry removable junk);
     - K-point isolation hypothesis (SeparatesPoles): overlaps i/=j must have K<=0 so
       OmegaDGerm K <= OmegaDGerm 0 there; diagonal pairs get the 0 function (cocycle forces it);
     - vanish_coboundary FULLY provable only for coboundaries of OmegaDGerm-0 cochains (R5 shape);
       general K coboundaries carry scalar poles at K-points (form-holomorphic, scalar-polar)
       -> genuine gap, R6b/higher-order-tie territory -> hypothesis field + R7_BLOCKER.md;
       at K = 0 (genus 1) the full field is PROVEN.
[T1] Plan: Descent.lean = (A) germ->pointwise eq_at lemma, (B) SeparatesPoles + OmegaD mono,
     (C) cocycleFn extraction + Smooth/Holo/Cocycle predicates + oneOneCoeff membership,
     (E) resFunctional congruence machinery, (F) resCocycle linear map, (G) holomorphic-coboundary
     vanishing + K<=0 full vanish + liftQ descent, (H) R6Shape + R6Outputs + assembly into
     CousinResidueData. Compile incrementally with lake env lean.
[T2] chunks A-F compile: extraction + IsOverlapCocycle + resCocycle linear map done.
