# Lane R progress log — feat/keystone-r0-signtest
# Scope: R0 (sign test) + R1 (germ→chart-coefficient layer) + R2 (PoU split), per
# docs/planning/S3_FINESHEAF_RES_SCOPING.md.

[2026-06-10 ~start] Session start. Read S3 scoping in full; surveyed
DbarDisk.lean (cauchyPompeiu_area : ∫ dbar g / (ζ−z) = −π·g z, PROVEN),
DolbeaultComparisonInverse.lean (cechPoU/rhoC/dbarRho), port layout
(vendor/kirov-dolbeault-port, lean4 v4.30.0, mathlib c5ea0035, build cache hot).
R0 plan: dbar Leibniz (fderiv_mul) + dbar_eq_zero_of_differentiableAt away from
the pole ⇒ dbar(χ·(z−a)⁻¹) =ᵐ (dbar χ)/(ζ−a) ⇒ integral = −π·χ(a) by
cauchyPompeiu_area at z = a.  Expected convention: ∫_ℂ ∂̄(χ·(·−a)⁻¹) dA_Leb = −π,
so the normalization constant for the residue ladder is −π⁻¹ = (2πi)⁻¹·(−2i),
i.e. Forster's (2πi)⁻¹∬τ with τ read against dz∧dz̄ = −2i·dA.  Writing
KirovDolbeault/Dolbeault/FineResidue/SignTest.lean now.

[R0 DONE] SignTest.lean compiles clean (lake env lean), all 6 decls
#print-axioms-clean ([propext, Classical.choice, Quot.sound]).
PINNED CONVENTION: ∫_ℂ ∂̄(χ·(z−a)⁻¹) dA_Leb = −π·χ(a)  (integral_dbar_smearedSimplePole);
normalizer resNormalization := −π⁻¹ = (2πi)⁻¹·(−2i) gives
resNormalization · ∫ = 1 for χ(a)=1 (resNormalization_integral_eq_one).
No fudge: raw Forster (2πi)⁻¹ on the Lebesgue integral would give i/2; the −2i Jacobian
(dz∧dz̄ = −2i·dA) is recorded as resNormalization_eq_two_pi_I_inv_mul.
Non-vacuity witness via ContDiffBump (exists_signTest_witness). Committing R0; next R1.

[R1 DONE] OneOneCoeff.lean compiles clean; 5 headline decls axiom-clean.
The (1,1) chart-coefficient layer: chartMap/transitionMap (+ analyticAt,
deriv_ne_zero, relocation transitionMap_chartMap from the proven
transition_analyticAt_of_mem / transition_deriv_ne_zero atoms in
CechModelManifold.lean), OneOneLawAt (germ-eventual |φ'|² law via Complex.normSq),
oneOneCoeff : Submodule ℂ (ι → ℂ → ℂ) (free ℂ-linearity for R4), and
isOneOneCoeff_congr (germ-robustness, scoping risk item 2). Committing R1; next R2
(PoU split reusing cechPoU/rhoC/dbarRho from DolbeaultComparisonInverse).

[R2 DONE] PoUSplit.lean compiles clean (no warnings after omit [Nonempty X]);
3 headlines axiom-clean. pouSplit σ_i := ∑_k ρ_k·(w k i) over the REUSED
cechPoU/rhoC backbone; contMDiffAt_pouSplit (gdTerm support-aware gluing pattern);
pouSplit_telescope (support-aware refinement of cechCoboundary_telescoping —
cocycle identity demanded only on triple overlaps, IsOverlapCocycle);
isOverlapCocycle_sub gives the ML difference-family shape w i j = v j − v i.
M1 scope (R0+R1+R2) complete; committing R2.

[SESSION END] Commits on feat/keystone-r0-signtest: a1d7ac9 (R0), 72c06c6 (R1),
6066025 (R2). All FineResidue files sorry-free, lake-env-lean-validated,
headlines axiom-clean. Not pushed (orchestrator gates).
R3 next: Wirtinger chain rule dbar (f∘φ) = ((dbar f)∘φ)·conj φ′ for holomorphic φ
(planar, fderiv composition + DbarDisk.dbar), then: pouSplit read in chart-j
coordinates, dbar of it = member of oneOneCoeff (uses pouSplit_telescope +
dbar_eq_zero_of_differentiableAt on w, transitionMap_analyticAt/deriv_ne_zero
from OneOneCoeff.lean). Cite R0's resNormalization, do not re-derive signs.

# ---- Session 2: R3 (feat/keystone-r3-glue) ----

[R3a DONE] ChainRule.lean compiles clean (lake env lean); dbar_comp axiom-clean
([propext, Classical.choice, Quot.sound]).  The planar Wirtinger chain rule:
  dbar (f ∘ φ) z = dbar f (φ z) * (starRingEnd ℂ) (deriv φ z)
for φ holomorphic at z, f merely ℝ-differentiable at φ z.  Proof: fderiv_comp +
HasDerivAt.complexToReal_fderiv (the same atom dbar_eq_zero_of_differentiableAt uses),
then real-basis (1, I) decomposition of the ℝ-linear fderiv of f; the I² = -1 step via
linear_combination Complex.I_sq (plain `ring` can't use it).  Own file, not appended to
SignTest: SignTest is the frozen R0 gate ("cite, do not re-derive"); ChainRule imports it
so the planar calculus dbar_mul -> dbar_comp stays linearly ordered for R4-R6.

[R3 DESIGN NOTE - LAW-SHAPE ANALYSIS; READ BEFORE BUILDING R4] The handoff's literal
slot-free claim "(dbar (pouSplit ∘ (chart j).symm))_j ∈ oneOneCoeff" is NOT provable over
the landed R2 interface, and is false for nontrivial data: R2's w is SCALAR overlap data
(plain additive IsOverlapCocycle - the ML m_j - m_i shape; a form-coefficient family
cannot satisfy the plain additive triple-overlap identity across charts), so the
telescope forces s_k∘φ - s_j = (holomorphic), pinning the transformation of ∂̄s to the
(0,1) factor conj φ' ALONE.  A family obeying both the (0,1) and the (1,1) law would
need φ' ≡ 1 wherever it is nonzero.  R1's OneOneLawAt was NOT adjusted - it is correct
as landed (normSq φ' is what Lebesgue change-of-variables patches in R4).  The factors
reconcile exactly as the handoff's NOTE says: the second φ' enters via the holomorphic
change of the dz-slot, which on scalar overlap data must be an explicit input - the
holomorphic (1,0) chart-coefficient family IsOneZeroCoeff g (overlap law
g_j = (g_k ∘ φ)·φ', i.e. the chart coefficients of a global holomorphic 1-form; in the
residue application, of the S1 canonical form ω₀ with K = div ω₀).  Headline family:
t_j := dbar(s_j)·g_j  =  the chart coefficient of Forster's τ = ∂̄(σ_scalar·ω₀).
APPLICATION CONSTRAINT recorded for R4/R6: at K = div ω₀ ≠ 0 (genus ≥ 2) the scalar
Z¹(O_K) data has poles at K-points, so HolomorphicOnOverlaps requires the chart-disk
cover REFINED so each of the finitely many K-points lies in a single cover set (then
w k j is holomorphic on every overlap, and at a K-point of U_j only the k = j term of
σ_j survives, killed by the cocycle diagonal w j j = 0).  Genus 1: K = 0, no refinement.
The ω₀-witness for IsOneZeroCoeff is a later lane-R rung (germ-extraction layer).

[R3b DONE] Glue.lean compiles clean (lake env lean, no warnings); all 4 proof headlines
axiom-clean ([propext, Classical.choice, Quot.sound]): contDiffAt_splitCoeff,
splitCoeff_transition_eventuallyEq, dbar_splitCoeff_transition, glueCoeff_mem_oneOneCoeff.
splitCoeff 𝔇 w j := pouSplit 𝔇 w j ∘ (chartAt ℂ (𝔇.center j)).symm (the handoff's s_j);
contDiffAt_splitCoeff via contMDiffAt_pouSplit + contMDiffOn_chart_symm through the
RealManifold bridge; splitCoeff_transition_eventuallyEq = pouSplit_telescope read in
chart-j coordinates (germ-eventual, per the R1 germ discipline);
dbar_splitCoeff_transition = the (0,1) law (chain rule dbar_comp +
dbar_eq_zero_of_differentiableAt on ŵ + DbarOpenDisk.dbar_add);
glueCoeff_mem_oneOneCoeff = THE R3 HEADLINE: glueCoeff 𝔇 w g (= fun j z =>
DbarDisk.dbar (splitCoeff 𝔇 w j) z * g j z) ∈ oneOneCoeff 𝔇 for w smooth + cocycle +
holomorphic-on-overlaps and g an IsOneZeroCoeff slot family; normSq φ' reassembled by
Complex.mul_conj.  resNormalization cited (Glue/ChainRule docstrings), not re-derived.
Import gotcha (pre-existing in snapshot): GluedDbarDatum/CechFinitenessBallSolve clashes
with DolbeaultComparisonInverse (duplicate `rhoC`); used the snapshot's own local copy
ChartDiskCover.contDiffAt_dbar_chartDisk (ChartDiskFiniteness) instead - same collision
the snapshot already documents at that lemma.
R4 NEXT NEEDS: (i) the integral functional I(c) := Σ_j ∫ ρ̃_j · t_j over glueCoeff
members (ℂ-linearity free from oneOneCoeff being a Submodule); (ii) the chart-relocation
lemma via integral_image_eq_integral_abs_det_fderiv_smul + det_restrictScalars +
norm_complex_apply, whose Jacobian is literally OneOneLawAt's normSq factor;
(iii) the ω₀-coefficient witness for IsOneZeroCoeff (+ the K-point-separating cover
refinement above) before R6 can evaluate on real Z¹(O_K) data; (iv) cite
resNormalization = -π⁻¹ from SignTest for the final normalization - do not re-derive.
