=== T-lane session start 2026-06-11 — branch feat/frame-trace (from feat/residue-atom a3e9dfc) ===
Goal: FrameResidueTrace for the canonical df datum -> frameTraceHypothesis_df.
Plan: (1) principal-part FibreTrace reduction (FrameResidueTrace from a LaurentForm + two residue
identities, proven); (2) unramified frame-fibre mirror of FormTraceFibre (Lemma 3.2 for frameRes,
proven); (3) df value-trace collapse per sheet (proven); (4) THE WALL isolated as one named
lemma (exists_traceLaurentForm_df) if the global rationality cannot be closed in-session.
=== T-lane session end 2026-06-11 ===
DELIVERED (FrameTrace.lean, ~730 lines, wired into aggregator; full `lake build` green, 8789 jobs):
- principalPartFibre + frameResidueTrace_of_laurentForm  [PROVEN, std-3]
- frameChartIntegrand / frameFibreTrace / resAt_traceCoeff_frameFibreTrace /
  frameFibreResidueSum_eq_filter (unramified Lemma 3.2 for frameRes)  [PROVEN, std-3]
- frameFibreTrace_summand_df + frameFibreTrace_traceCoeff_df (plain value-trace collapse) [PROVEN, std-3]
- resAt_eq_filter_sum_of_traceCoeff_germ (hres at a centre from local germ agreement) [PROVEN, std-3]
- exists_laurentForm_of_traceData (one-variable rationality reduction: principal-part
  LaurentForm with SAME finite residues + SAME infinity-residue) [PROVEN, std-3]
- FrameTraceFunctionData + exists_traceLaurentForm_of_functionData [PROVEN, std-3]
- exists_traceLaurentForm_df / frameTraceHypothesis_of_df /
  exists_canonicalData_frameTraceHypothesis  [conditional: sorryAx via the single wall]
RESIDUAL (single named sorry): exists_frameTraceFunctionData_df — the Miranda step-1
trace-FUNCTION datum (T, C, hoff, hmero, hres, hcover, hinf) for the plain value trace.
All LaurentForm/residue/fibre bookkeeping is proven on both sides of it.
Commits: a4d0e5e fc578f7 d9a2144 8ebacb6 9f93a43 + hres helper + docs.
